// Jest Snapshot v1, https://goo.gl/fbAQLP

exports[`Parser parse 1`] = `"<p>hallo world!</p>"`;
